--- title: 몰래 찍혔는데… 그냥 끝났습니다 2026-03-19T07:43:04.157498+00:00
body length: 904
body start: {"caption":"⚖️ 몰래 찍혔는데, 가해자는 '기소유예'로 끝났습니다.\n\n저는 이런 사건을 접할 때마다 피해자분들이 얼마나 억울할지 먼저 생각하게 됩니다.\n\n2025
JSON.parse OK
p.caption type: string
p.caption excerpt: ⚖️ 몰래 찍혔는데, 가해자는 '기소유예'로 끝났습니다.\n\n저는 이런 사건을 접할 때마다 
card_news_data caption length: missing
--- title: 260225_불기소이유통지(최성훈) (1) 2026-03-19T07:13:12.557116+00:00
body length: 333
body start: {"caption":"# 서울중앙지[이름] 불기소[이름] 및 불기소결[이름]\n\n---\n\n## [페[이름] 1 - 불기소[이름]]\n\n문서확인번호 2177-2[[이름]]\n
JSON.parse OK
p.caption type: string
p.caption excerpt: # 서울중앙지[이름] 불기소[이름] 및 불기소결[이름]\n\n---\n\n## [페[이름] 1 -
card_news_data caption length: missing
