app/api/migrate/process-one/route.ts(210,57): error TS2345: Argument of type '{ title: string; summaryPoints: never[]; profile: { lawyerName: any; jobTitle: any; career: any; officeName: string; phone: string; address: string; website: string; specialty: string[]; profileImages: string[]; officeImages: string[]; logoImage: string; brandColor: string; brandLines: string[]; }; templateId: numbe...' is not assignable to parameter of type 'RenderInput'.
  Property 'designStyle' is missing in type '{ title: string; summaryPoints: never[]; profile: { lawyerName: any; jobTitle: any; career: any; officeName: string; phone: string; address: string; website: string; specialty: string[]; profileImages: string[]; officeImages: string[]; logoImage: string; brandColor: string; brandLines: string[]; }; templateId: numbe...' but required in type 'RenderInput'.
lib/blog-image/templates-brand.ts(130,87): error TS2353: Object literal may only specify known properties, and 'lineGap' does not exist in type '{ shadow?: boolean | undefined; highlightPattern?: { color: string; type: "first-line" | "all"; } | undefined; minFontSize?: number | undefined; }'.
lib/blog-image/templates-brand.ts(179,95): error TS2353: Object literal may only specify known properties, and 'center' does not exist in type '{ shadow?: boolean | undefined; highlightPattern?: { color: string; type: "first-line" | "all"; } | undefined; minFontSize?: number | undefined; }'.
lib/blog-image/templates-brand.ts(240,88): error TS2353: Object literal may only specify known properties, and 'center' does not exist in type '{ shadow?: boolean | undefined; highlightPattern?: { color: string; type: "first-line" | "all"; } | undefined; minFontSize?: number | undefined; }'.
lib/blog-image/templates-brand.ts(277,96): error TS2353: Object literal may only specify known properties, and 'center' does not exist in type '{ shadow?: boolean | undefined; highlightPattern?: { color: string; type: "first-line" | "all"; } | undefined; minFontSize?: number | undefined; }'.
lib/blog-image/templates-career.ts(174,96): error TS2353: Object literal may only specify known properties, and 'lineGap' does not exist in type '{ shadow?: boolean | undefined; highlightPattern?: { color: string; type: "first-line" | "all"; } | undefined; minFontSize?: number | undefined; }'.
lib/blog-image/templates-career.ts(295,97): error TS2353: Object literal may only specify known properties, and 'lineGap' does not exist in type '{ shadow?: boolean | undefined; highlightPattern?: { color: string; type: "first-line" | "all"; } | undefined; minFontSize?: number | undefined; }'.
lib/blog-image/templates-contact.ts(181,92): error TS2353: Object literal may only specify known properties, and 'lineGap' does not exist in type '{ shadow?: boolean | undefined; highlightPattern?: { color: string; type: "first-line" | "all"; } | undefined; minFontSize?: number | undefined; }'.
lib/blog-image/templates-contact.ts(243,94): error TS2353: Object literal may only specify known properties, and 'center' does not exist in type '{ shadow?: boolean | undefined; highlightPattern?: { color: string; type: "first-line" | "all"; } | undefined; minFontSize?: number | undefined; }'.
lib/blog-image/templates-contact.ts(313,94): error TS2353: Object literal may only specify known properties, and 'center' does not exist in type '{ shadow?: boolean | undefined; highlightPattern?: { color: string; type: "first-line" | "all"; } | undefined; minFontSize?: number | undefined; }'.
lib/blog-image/templates-contact.ts(383,100): error TS2353: Object literal may only specify known properties, and 'center' does not exist in type '{ shadow?: boolean | undefined; highlightPattern?: { color: string; type: "first-line" | "all"; } | undefined; minFontSize?: number | undefined; }'.
lib/blog-image/templates-main.ts(262,101): error TS2353: Object literal may only specify known properties, and 'lineGap' does not exist in type '{ shadow?: boolean | undefined; highlightPattern?: { color: string; type: "first-line" | "all"; } | undefined; minFontSize?: number | undefined; }'.
lib/blog-image/templates-main.ts(336,103): error TS2353: Object literal may only specify known properties, and 'lineGap' does not exist in type '{ shadow?: boolean | undefined; highlightPattern?: { color: string; type: "first-line" | "all"; } | undefined; minFontSize?: number | undefined; }'.
lib/blog-image/templates-main.ts(411,92): error TS2353: Object literal may only specify known properties, and 'center' does not exist in type '{ shadow?: boolean | undefined; highlightPattern?: { color: string; type: "first-line" | "all"; } | undefined; minFontSize?: number | undefined; }'.
lib/blog-image/templates-summary.ts(84,125): error TS2353: Object literal may only specify known properties, and 'lineGap' does not exist in type '{ shadow?: boolean | undefined; highlightPattern?: { color: string; type: "first-line" | "all"; } | undefined; minFontSize?: number | undefined; }'.
lib/blog-image/templates-summary.ts(140,118): error TS2353: Object literal may only specify known properties, and 'lineGap' does not exist in type '{ shadow?: boolean | undefined; highlightPattern?: { color: string; type: "first-line" | "all"; } | undefined; minFontSize?: number | undefined; }'.
lib/blog-image/templates-summary.ts(189,111): error TS2353: Object literal may only specify known properties, and 'lineGap' does not exist in type '{ shadow?: boolean | undefined; highlightPattern?: { color: string; type: "first-line" | "all"; } | undefined; minFontSize?: number | undefined; }'.
lib/blog-image/templates-summary.ts(255,109): error TS2353: Object literal may only specify known properties, and 'lineGap' does not exist in type '{ shadow?: boolean | undefined; highlightPattern?: { color: string; type: "first-line" | "all"; } | undefined; minFontSize?: number | undefined; }'.
lib/blog-image/templates-summary.ts(311,112): error TS2353: Object literal may only specify known properties, and 'lineGap' does not exist in type '{ shadow?: boolean | undefined; highlightPattern?: { color: string; type: "first-line" | "all"; } | undefined; minFontSize?: number | undefined; }'.
